48 Woody Allen
40 Takashi Miike
39 Jean-Luc Godard
37 Claude Chabrol
36 Martin Scorsese
35 Johnnie To
34 Clint Eastwood
34 Werner Herzog
31 Kartal Tibet
31 Steven Spielberg
30 Priyadarshan
29 Ingmar Bergman
29 Satyajit Ray
29 Sidney Lumet
28 John Huston
28 Steven Soderbergh
26 Hark Tsui
26 John Sturges
26 Ken Loach
26 Luis Bu√±uel
