Movies matching 'ocean'
===============
8.0 A Plastic Ocean (2016)
7.9 Planet Ocean (2012)
7.8 Ocean's Eleven (2001)
7.8 Oceans (2009)
7.6 Ocean Heaven (2010)
7.2 The Light Between Oceans (2016)
7.0 711 Ocean Drive (1950)
6.9 Ocean's Thirteen (2007)
6.6 Ocean's 11 (1960)
6.5 Ocean's Twelve (2004)
6.4 The Deep End of the Ocean (1999)
6.2 Ocean's Eight (2018)
