Movies matching 'The Ring'
===============
8.9 The Lord of the Rings: The Return of the King (2003)
8.8 The Lord of the Rings: The Fellowship of the Ring (2001)
8.7 The Lord of the Rings: The Two Towers (2002)
7.1 The Ring (2002)
6.6 The Ring-necked Dove (1970)
6.5 Closing the Ring (2007)
6.3 Again the Ringer (1965)
6.2 The Ring (1952)
6.2 The Lord of the Rings (1978)
6.2 The Ring Finger (2005)
