Movies matching 'ring' 2002
===============
8.7 The Lord of the Rings: The Two Towers (2002)
7.3 On the Occasion of Remembering the Turning Gate (2002)
7.1 The Ring (2002)
6.9 Springtime in a Small Town (2002)
6.5 Ringeraja (2002)
