Filmography for Rafal Zimowski (1974-)
===============
Personal Rating: 7.3
Top 3 Genres:
 biography
 drama
===============
300 Miles to Heaven (1989)
 playing Jedrek
